// Jest Snapshot v1, https://goo.gl/fbAQLP

exports[`toExist provides contextual information for the message 1`] = `
Object {
  "actual": "Found Nodes: <span className=\\"matches\\" />",
}
`;

exports[`toExist provides contextual information for the message 2`] = `Object {}`;

exports[`toExist returns the message with the proper fail verbage 1`] = `"Expected \\"span\\" not to exist. Instead found 1 nodes."`;

exports[`toExist returns the message with the proper pass verbage 1`] = `"Expected \\"span\\" to exist."`;
