exports[`toHaveStyle mount provides contextual information for the message (mount) 1`] = `
Object {
  "actual": "Actual: [33mheight[39m[90m:[39m [33m[90m\"100%\"[33m[39m",
  "expected": "Expected: [33mheight[39m[90m:[39m [33m[90m\"100%\"[33m[39m",
}
`;

exports[`toHaveStyle mount returns the message with the proper fail verbage (mount) 1`] = `undefined`;

exports[`toHaveStyle mount returns the message with the proper pass verbage (mount) 1`] = `"Expected <span> component style values to match for key \"height\", but they didn\'t"`;

exports[`toHaveStyle shallow provides contextual information for the message (shallow) 1`] = `
Object {
  "actual": "Actual: [33mheight[39m[90m:[39m [33m[90m\"100%\"[33m[39m",
  "expected": "Expected: [33mheight[39m[90m:[39m [33m[90m\"100%\"[33m[39m",
}
`;

exports[`toHaveStyle shallow returns the message with the proper fail verbage (shallow) 1`] = `undefined`;

exports[`toHaveStyle shallow returns the message with the proper pass verbage (shallow) 1`] = `"Expected <span> component style values to match for key \"height\", but they didn\'t"`;
