exports[`toHaveHTML mount provides contextual information for the message (mount) 1`] = `
Object {
  "actual": "Actual: [33marrayProp[39m[90m:[39m [33m[90m[90m[[90m
  [34m1[90m
  [34m2[90m
  [34m3[90m
[90m][90m[33m[39m",
  "expected": "Expected: [33marrayProp[39m[90m:[39m [33m[90m[90m[[90m
  [34m1[90m
  [34m2[90m
  [34m3[90m
[90m][90m[33m[39m",
}
`;

exports[`toHaveHTML mount returns the message with the proper fail verbage (mount) 1`] = `"Expected <User> \"arrayProp\" prop values not to match (using npm.deepEqualIdent), but they did."`;

exports[`toHaveHTML mount returns the message with the proper pass verbage (mount) 1`] = `"Expected <User> \"arrayProp\" prop values to match (using npm.deepEqualIdent) but they didn\'t."`;
