// Jest Snapshot v1, https://goo.gl/fbAQLP

exports[`toIncludeText mount provides contextual information for the message (mount) 1`] = `
Object {
  "actual": "Actual HTML: \\"Some important text\\"",
  "expected": "Expected HTML: \\"important\\"",
}
`;

exports[`toIncludeText mount returns the message with the proper fail verbage (mount) 1`] = `"Expected <p> not to contain \\"important\\" but it did."`;

exports[`toIncludeText mount returns the message with the proper pass verbage (mount) 1`] = `"Expected <p> to contain \\"important\\" but it did not."`;

exports[`toIncludeText shallow provides contextual information for the message (shallow) 1`] = `
Object {
  "actual": "Actual HTML: \\"Some important text\\"",
  "expected": "Expected HTML: \\"important\\"",
}
`;

exports[`toIncludeText shallow returns the message with the proper fail verbage (shallow) 1`] = `"Expected <p> not to contain \\"important\\" but it did."`;

exports[`toIncludeText shallow returns the message with the proper pass verbage (shallow) 1`] = `"Expected <p> to contain \\"important\\" but it did not."`;
